2026-04-20 14:39:41 - INFO - Running Batch Experiment (Dense Retrieval) on 10 samples...
2026-04-20 14:39:41 - INFO - Configurations: Budget=2048, Pollution=True, Device=cpu
2026-04-20 14:43:46 - INFO - Saved 10 multi-context samples to data/eval_contexts_n10_2048tokens_P.jsonl
2026-04-20 14:43:46 - INFO - ==================================================
2026-04-20 14:43:46 - INFO -  EXPERIMENT RESULTS on n=10 with 2048 tokens (Pollution)
2026-04-20 14:43:46 - INFO - ==================================================
2026-04-20 14:43:46 - INFO - Redundancy (Lower is better):
2026-04-20 14:43:46 - INFO -   [1] Naive Top-K:    0.3190
2026-04-20 14:43:46 - INFO -   [2] Static MMR:     0.1836 (Impr vs Top-K: 42.45%)
2026-04-20 14:43:46 - INFO -   [3] Ours (Dynamic): 0.2291 (Impr vs Top-K: 28.19%)
2026-04-20 14:43:46 - INFO - ------------------------------
2026-04-20 14:43:46 - INFO - Avg Item Count (Information Density):
2026-04-20 14:43:46 - INFO -   [1] Naive Top-K:    20.00 chunks
2026-04-20 14:43:46 - INFO -   [2] Static MMR:     20.00 chunks
2026-04-20 14:43:46 - INFO -   [3] Ours (Dynamic): 15.10 chunks
2026-04-20 14:43:46 - INFO - ------------------------------
2026-04-20 14:43:46 - INFO - Avg Raw Cosine Score (Quality / Purity):
2026-04-20 14:43:46 - INFO -   [1] Naive Top-K:    0.2778
2026-04-20 14:43:46 - INFO -   [2] Static MMR:     0.2778
2026-04-20 14:43:46 - INFO -   [3] Ours (Dynamic): 0.3939
2026-04-20 14:43:46 - INFO - ==================================================
