2026-04-15 01:33:30 - INFO - Running Batch Experiment (Dense Retrieval) on 5000 samples...
2026-04-15 01:33:30 - INFO - Configurations: Budget=2048, Pollution=True, Device=cuda
2026-04-15 02:01:33 - INFO - Saved 2665 multi-context samples to data/eval_contexts_n5000_2048tokens_P.jsonl
2026-04-15 02:01:33 - INFO - ==================================================
2026-04-15 02:01:33 - INFO -  EXPERIMENT RESULTS on n=5000 with 2048 tokens (Pollution)
2026-04-15 02:01:33 - INFO - ==================================================
2026-04-15 02:01:33 - INFO - Redundancy (Lower is better):
2026-04-15 02:01:33 - INFO -   [1] Naive Top-K:    0.2855
2026-04-15 02:01:33 - INFO -   [2] Static MMR:     0.0882 (Impr vs Top-K: 69.09%)
2026-04-15 02:01:33 - INFO -   [3] Ours (Dynamic): 0.1712 (Impr vs Top-K: 40.02%)
2026-04-15 02:01:33 - INFO - ------------------------------
2026-04-15 02:01:33 - INFO - Avg Item Count (Information Density):
2026-04-15 02:01:33 - INFO -   [1] Naive Top-K:    19.55 chunks
2026-04-15 02:01:33 - INFO -   [2] Static MMR:     19.53 chunks
2026-04-15 02:01:33 - INFO -   [3] Ours (Dynamic): 15.41 chunks
2026-04-15 02:01:33 - INFO - ------------------------------
2026-04-15 02:01:33 - INFO - Avg Raw Cosine Score (Quality / Purity):
2026-04-15 02:01:33 - INFO -   [1] Naive Top-K:    0.1621
2026-04-15 02:01:33 - INFO -   [2] Static MMR:     0.1611
2026-04-15 02:01:33 - INFO -   [3] Ours (Dynamic): 0.2005
2026-04-15 02:01:33 - INFO - ==================================================
