2026-04-16 06:08:33 - INFO - Running Batch Experiment (Dense Retrieval) on 10 samples...
2026-04-16 06:08:33 - INFO - Configurations: Budget=2048, Pollution=True, Device=cuda
2026-04-16 06:08:40 - INFO - Saved 10 multi-context samples to data/eval_contexts_n10_2048tokens_P.jsonl
2026-04-16 06:08:40 - INFO - ==================================================
2026-04-16 06:08:40 - INFO -  EXPERIMENT RESULTS on n=10 with 2048 tokens (Pollution)
2026-04-16 06:08:40 - INFO - ==================================================
2026-04-16 06:08:40 - INFO - Redundancy (Lower is better):
2026-04-16 06:08:40 - INFO -   [1] Naive Top-K:    0.3189
2026-04-16 06:08:40 - INFO -   [2] Static MMR:     0.0648 (Impr vs Top-K: 79.69%)
2026-04-16 06:08:40 - INFO -   [3] Ours (Dynamic): 0.1420 (Impr vs Top-K: 55.48%)
2026-04-16 06:08:40 - INFO - ------------------------------
2026-04-16 06:08:40 - INFO - Avg Item Count (Information Density):
2026-04-16 06:08:40 - INFO -   [1] Naive Top-K:    20.00 chunks
2026-04-16 06:08:40 - INFO -   [2] Static MMR:     20.00 chunks
2026-04-16 06:08:40 - INFO -   [3] Ours (Dynamic): 18.60 chunks
2026-04-16 06:08:40 - INFO - ------------------------------
2026-04-16 06:08:40 - INFO - Avg Raw Cosine Score (Quality / Purity):
2026-04-16 06:08:40 - INFO -   [1] Naive Top-K:    0.1946
2026-04-16 06:08:40 - INFO -   [2] Static MMR:     0.1946
2026-04-16 06:08:40 - INFO -   [3] Ours (Dynamic): 0.2101
2026-04-16 06:08:40 - INFO - ==================================================
